2026-03-07 20:10:36 INFO  o.h.validator.internal.util.Version - HV000001: Hibernate Validator 8.0.3.Final
2026-03-07 20:10:36 INFO  c.b.f.SriBalajiFinanceApplication - Starting SriBalajiFinanceApplication using Java 21.0.9 with PID 13512 (C:\Users\infyz\Desktop\Fast_API_Python\Spring_Boot_Balaji_FInance\sri-balaji-finance\target\classes started by infyz in C:\Users\infyz\Desktop\Fast_API_Python\Spring_Boot_Balaji_FInance\sri-balaji-finance)
2026-03-07 20:10:36 INFO  c.b.f.SriBalajiFinanceApplication - No active profile set, falling back to 1 default profile: "default"
2026-03-07 20:10:41 INFO  o.s.d.r.c.RepositoryConfigurationDelegate - Bootstrapping Spring Data JPA repositories in DEFAULT mode.
2026-03-07 20:10:41 INFO  o.s.d.r.c.RepositoryConfigurationDelegate - Finished Spring Data repository scanning in 164 ms. Found 7 JPA repository interfaces.
2026-03-07 20:10:44 INFO  o.s.b.w.e.tomcat.TomcatWebServer - Tomcat initialized with port 8881 (http)
2026-03-07 20:10:44 INFO  o.a.coyote.http11.Http11NioProtocol - Initializing ProtocolHandler ["http-nio-8881"]
2026-03-07 20:10:44 INFO  o.a.catalina.core.StandardService - Starting service [Tomcat]
2026-03-07 20:10:44 INFO  o.a.catalina.core.StandardEngine - Starting Servlet engine: [Apache Tomcat/10.1.49]
2026-03-07 20:10:44 INFO  o.a.c.c.C.[.[.[/balaji-finance] - Initializing Spring embedded WebApplicationContext
2026-03-07 20:10:44 INFO  o.s.b.w.s.c.ServletWebServerApplicationContext - Root WebApplicationContext: initialization completed in 7725 ms
2026-03-07 20:10:44 INFO  o.h.jpa.internal.util.LogHelper - HHH000204: Processing PersistenceUnitInfo [name: default]
2026-03-07 20:10:45 INFO  org.hibernate.Version - HHH000412: Hibernate ORM core version 6.6.36.Final
2026-03-07 20:10:45 INFO  o.h.c.i.RegionFactoryInitiator - HHH000026: Second-level cache disabled
2026-03-07 20:10:46 INFO  o.s.o.j.p.SpringPersistenceUnitInfo - No LoadTimeWeaver setup: ignoring JPA class transformer
2026-03-07 20:10:46 INFO  com.zaxxer.hikari.HikariDataSource - HikariPool-1 - Starting...
2026-03-07 20:10:47 INFO  com.zaxxer.hikari.pool.HikariPool - HikariPool-1 - Added connection com.mysql.cj.jdbc.ConnectionImpl@65503a26
2026-03-07 20:10:47 INFO  com.zaxxer.hikari.HikariDataSource - HikariPool-1 - Start completed.
2026-03-07 20:10:48 INFO  o.hibernate.orm.connections.pooling - HHH10001005: Database info:
	Database JDBC URL [Connecting through datasource 'HikariDataSource (HikariPool-1)']
	Database driver: undefined/unknown
	Database version: 8.0.45
	Autocommit mode: undefined/unknown
	Isolation level: undefined/unknown
	Minimum pool size: undefined/unknown
	Maximum pool size: undefined/unknown
2026-03-07 20:10:50 INFO  o.h.e.t.j.p.i.JtaPlatformInitiator - HHH000489: No JTA platform available (set 'hibernate.transaction.jta.platform' to enable JTA platform integration)
2026-03-07 20:10:50 INFO  o.s.o.j.LocalContainerEntityManagerFactoryBean - Initialized JPA EntityManagerFactory for persistence unit 'default'
2026-03-07 20:10:51 INFO  o.s.d.j.r.query.QueryEnhancerFactory - Hibernate is in classpath; If applicable, HQL parser will be used.
2026-03-07 20:10:55 INFO  o.s.s.c.a.a.c.InitializeUserDetailsBeanManagerConfigurer$InitializeUserDetailsManagerConfigurer - Global AuthenticationManager configured with UserDetailsService bean with name myOwnUserDetails
2026-03-07 20:10:55 WARN  o.s.b.a.o.j.JpaBaseConfiguration$JpaWebConfiguration - spring.jpa.open-in-view is enabled by default. Therefore, database queries may be performed during view rendering. Explicitly configure spring.jpa.open-in-view to disable this warning
2026-03-07 20:10:56 INFO  o.s.b.a.w.s.WelcomePageHandlerMapping - Adding welcome page: class path resource [static/index.html]
2026-03-07 20:10:59 INFO  o.a.coyote.http11.Http11NioProtocol - Starting ProtocolHandler ["http-nio-8881"]
2026-03-07 20:10:59 INFO  o.s.b.w.e.tomcat.TomcatWebServer - Tomcat started on port 8881 (http) with context path '/balaji-finance'
2026-03-07 20:10:59 INFO  c.b.f.SriBalajiFinanceApplication - Started SriBalajiFinanceApplication in 24.294 seconds (process running for 25.225)
2026-03-07 20:10:59 WARN  o.s.c.events.SpringDocAppInitializer - SpringDoc /v3/api-docs endpoint is enabled by default. To disable it in production, set the property 'springdoc.api-docs.enabled=false'
2026-03-07 20:10:59 WARN  o.s.c.events.SpringDocAppInitializer - SpringDoc /swagger-ui.html endpoint is enabled by default. To disable it in production, set the property 'springdoc.swagger-ui.enabled=false'
2026-03-07 20:11:01 INFO  o.a.c.c.C.[.[.[/balaji-finance] - Initializing Spring DispatcherServlet 'dispatcherServlet'
2026-03-07 20:11:01 INFO  o.s.web.servlet.DispatcherServlet - Initializing Servlet 'dispatcherServlet'
2026-03-07 20:11:01 INFO  o.s.web.servlet.DispatcherServlet - Completed initialization in 10 ms
2026-03-07 22:16:54 INFO  o.h.validator.internal.util.Version - HV000001: Hibernate Validator 8.0.3.Final
2026-03-07 22:16:54 INFO  c.b.f.SriBalajiFinanceApplication - Starting SriBalajiFinanceApplication using Java 21.0.9 with PID 2312 (C:\Users\infyz\Desktop\Fast_API_Python\Spring_Boot_Balaji_FInance\sri-balaji-finance\target\classes started by infyz in C:\Users\infyz\Desktop\Fast_API_Python\Spring_Boot_Balaji_FInance\sri-balaji-finance)
2026-03-07 22:16:54 INFO  c.b.f.SriBalajiFinanceApplication - No active profile set, falling back to 1 default profile: "default"
2026-03-07 22:16:56 INFO  o.s.d.r.c.RepositoryConfigurationDelegate - Bootstrapping Spring Data JPA repositories in DEFAULT mode.
2026-03-07 22:16:56 INFO  o.s.d.r.c.RepositoryConfigurationDelegate - Finished Spring Data repository scanning in 122 ms. Found 7 JPA repository interfaces.
2026-03-07 22:16:57 INFO  o.s.b.w.e.tomcat.TomcatWebServer - Tomcat initialized with port 8881 (http)
2026-03-07 22:16:57 INFO  o.a.coyote.http11.Http11NioProtocol - Initializing ProtocolHandler ["http-nio-8881"]
2026-03-07 22:16:57 INFO  o.a.catalina.core.StandardService - Starting service [Tomcat]
2026-03-07 22:16:57 INFO  o.a.catalina.core.StandardEngine - Starting Servlet engine: [Apache Tomcat/10.1.49]
2026-03-07 22:16:57 INFO  o.a.c.c.C.[.[.[/balaji-finance] - Initializing Spring embedded WebApplicationContext
2026-03-07 22:16:57 INFO  o.s.b.w.s.c.ServletWebServerApplicationContext - Root WebApplicationContext: initialization completed in 3497 ms
2026-03-07 22:16:58 INFO  o.h.jpa.internal.util.LogHelper - HHH000204: Processing PersistenceUnitInfo [name: default]
2026-03-07 22:16:58 INFO  org.hibernate.Version - HHH000412: Hibernate ORM core version 6.6.36.Final
2026-03-07 22:16:58 INFO  o.h.c.i.RegionFactoryInitiator - HHH000026: Second-level cache disabled
2026-03-07 22:16:58 INFO  o.s.o.j.p.SpringPersistenceUnitInfo - No LoadTimeWeaver setup: ignoring JPA class transformer
2026-03-07 22:16:59 INFO  com.zaxxer.hikari.HikariDataSource - HikariPool-1 - Starting...
2026-03-07 22:16:59 INFO  com.zaxxer.hikari.pool.HikariPool - HikariPool-1 - Added connection com.mysql.cj.jdbc.ConnectionImpl@12421766
2026-03-07 22:16:59 INFO  com.zaxxer.hikari.HikariDataSource - HikariPool-1 - Start completed.
2026-03-07 22:16:59 INFO  o.hibernate.orm.connections.pooling - HHH10001005: Database info:
	Database JDBC URL [Connecting through datasource 'HikariDataSource (HikariPool-1)']
	Database driver: undefined/unknown
	Database version: 8.0.45
	Autocommit mode: undefined/unknown
	Isolation level: undefined/unknown
	Minimum pool size: undefined/unknown
	Maximum pool size: undefined/unknown
2026-03-07 22:17:00 INFO  o.h.e.t.j.p.i.JtaPlatformInitiator - HHH000489: No JTA platform available (set 'hibernate.transaction.jta.platform' to enable JTA platform integration)
2026-03-07 22:17:00 INFO  o.s.o.j.LocalContainerEntityManagerFactoryBean - Initialized JPA EntityManagerFactory for persistence unit 'default'
2026-03-07 22:17:01 INFO  o.s.d.j.r.query.QueryEnhancerFactory - Hibernate is in classpath; If applicable, HQL parser will be used.
2026-03-07 22:17:03 INFO  o.s.s.c.a.a.c.InitializeUserDetailsBeanManagerConfigurer$InitializeUserDetailsManagerConfigurer - Global AuthenticationManager configured with UserDetailsService bean with name myOwnUserDetails
2026-03-07 22:17:03 WARN  o.s.b.a.o.j.JpaBaseConfiguration$JpaWebConfiguration - spring.jpa.open-in-view is enabled by default. Therefore, database queries may be performed during view rendering. Explicitly configure spring.jpa.open-in-view to disable this warning
2026-03-07 22:17:03 INFO  o.s.b.a.w.s.WelcomePageHandlerMapping - Adding welcome page: class path resource [static/index.html]
2026-03-07 22:17:04 INFO  o.a.coyote.http11.Http11NioProtocol - Starting ProtocolHandler ["http-nio-8881"]
2026-03-07 22:17:04 INFO  o.s.b.w.e.tomcat.TomcatWebServer - Tomcat started on port 8881 (http) with context path '/balaji-finance'
2026-03-07 22:17:04 INFO  c.b.f.SriBalajiFinanceApplication - Started SriBalajiFinanceApplication in 11.406 seconds (process running for 12.029)
2026-03-07 22:17:04 WARN  o.s.c.events.SpringDocAppInitializer - SpringDoc /v3/api-docs endpoint is enabled by default. To disable it in production, set the property 'springdoc.api-docs.enabled=false'
2026-03-07 22:17:04 WARN  o.s.c.events.SpringDocAppInitializer - SpringDoc /swagger-ui.html endpoint is enabled by default. To disable it in production, set the property 'springdoc.swagger-ui.enabled=false'
2026-03-07 22:18:01 INFO  o.a.c.c.C.[.[.[/balaji-finance] - Initializing Spring DispatcherServlet 'dispatcherServlet'
2026-03-07 22:18:01 INFO  o.s.web.servlet.DispatcherServlet - Initializing Servlet 'dispatcherServlet'
2026-03-07 22:18:01 INFO  o.s.web.servlet.DispatcherServlet - Completed initialization in 5 ms
2026-03-07 22:56:43 WARN  com.zaxxer.hikari.pool.HikariPool - HikariPool-1 - Thread starvation or clock leap detected (housekeeper delta=1m43s441ms740µs600ns).
